// Jest Snapshot v1, https://goo.gl/fbAQLP

exports[`Page Header Component Should render a snapshot of the page header component 1`] = `
<div>
  <header
    class="PageHeader"
  >
    <h1
      aria-label="page title Page title"
      class="title"
    >
      Page title
    </h1>
    <p
      aria-label="page description Page title"
      class="description"
    >
      This is a page description
    </p>
  </header>
</div>
`;
